// Jest Snapshot v1, https://goo.gl/fbAQLP

exports[`<UserList /> renders 1`] = `
<div
  className="FormBlock"
>
  <h3>
     เพิ่มคำถามใหม่ 
  </h3>
</div>
`;
